// Jest Snapshot v1, https://goo.gl/fbAQLP

exports[`Czech should be that: 1: oko 1`] = `
"(oko) ∩ (oko) = oko ÷ oko
ISV: oko → oko ()
CS: oko → oko ()
Δ(oko, oko) ≈ 0"
`;

exports[`Czech should be that: 2: opisati 1`] = `
"(opisati) ∩ (popsat) = opisati ÷ popsat
ISV: opisati → opisat (Ko2)
CS: popsat → popsat ()
Δ(opisat, popsat) ≈ 0.3333333333333333"
`;

exports[`Czech should be that: 3: opera 1`] = `
"(opera) ∩ (opera) = opera ÷ opera
ISV: opera → opera ()
CS: opera → opera ()
Δ(opera, opera) ≈ 0"
`;

exports[`Czech should be that: 4: nikto 1`] = `
"(nikto) ∩ (nikdo) = nikto ÷ nikdo
ISV: nikto → nikto ()
CS: nikdo → nikdo ()
Δ(nikto, nikdo) ≈ 0.2"
`;

exports[`Czech should be that: 5: tęžky 1`] = `
"(tęžky) ∩ (těžký, silný, hustý) = tęžky ÷ těžký
ISV: tęžky → tježký (A2, B4)
CS: těžký → těžký ()
Δ(tježký, těžký) ≈ 0.2727272727272727"
`;

exports[`Czech should be that: 6: veliky 1`] = `
"(veliky) ∩ (velký) = veliky ÷ velký
ISV: veliky → veliký (A2)
CS: velký → velký ()
Δ(veliký, velký) ≈ 0.18181818181818182"
`;

exports[`Czech should be that: 7: osųđati 1`] = `
"(osųđati) ∩ (odsuzovat) = osųđati ÷ odsuzovat
ISV: osųđati → osuzat (B14, B3, Ko2)
CS: odsuzovat → odsuzovat ()
Δ(osuzat, odsuzovat) ≈ 0.4"
`;

exports[`Czech should be that: 8: odinųd 1`] = `
"(odinųd) ∩ (odjinud) = odinųd ÷ odjinud
ISV: odinųd → odinud (B14)
CS: odjinud → odjinud ()
Δ(odinud, odjinud) ≈ 0.15384615384615385"
`;

exports[`Czech should be that: 10: olovo 1`] = `
"(olovo) ∩ (olovo) = olovo ÷ olovo
ISV: olovo → olovo ()
CS: olovo → olovo ()
Δ(olovo, olovo) ≈ 0"
`;

exports[`Czech should be that: 11: abdikovati 1`] = `
"(abdikovati) ∩ (abdikovat) = abdikovati ÷ abdikovat
ISV: abdikovati → abdikovat (Ko2)
CS: abdikovat → abdikovat ()
Δ(abdikovat, abdikovat) ≈ 0"
`;

exports[`Czech should be that: 12: trava 1`] = `
"(trava) ∩ (tráva) = trava ÷ tráva
ISV: trava → trava ()
CS: tráva → tráva ()
Δ(trava, tráva) ≈ 0.1"
`;

exports[`Czech should be that: 13: osnovyvati 1`] = `
"(osnovyvati) ∩ (zakládat, ustanovovat, stanovit) = osnovyvati ÷ ustanovovat
ISV: osnovyvati → osnovyvat (Ko2)
CS: ustanovovat → ustanovovat ()
Δ(osnovyvat, ustanovovat) ≈ 0.4"
`;

exports[`Czech should be that: 14: ocěniti 1`] = `
"(ocěniti) ∩ (ocenit, ohodnotit) = ocěniti ÷ ocenit
ISV: ocěniti → ocenit (Dě, Ko2)
CS: ocenit → ocenit ()
Δ(ocenit, ocenit) ≈ 0"
`;

exports[`Czech should be that: 15: absencija 1`] = `
"(absencija) ∩ (absence, nepřítomnost) = absencija ÷ absence
ISV: absencija → absence (I5)
CS: absence → absence ()
Δ(absence, absence) ≈ 0"
`;

exports[`Czech should be that: 16: želųdòk 1`] = `
"(želųdòk) ∩ (žaludek) = želųdòk ÷ žaludek
ISV: želųdòk → želudòk (B14)
CS: žaludek → žaludek ()
Δ(želudòk, žaludek) ≈ 0.2857142857142857"
`;

exports[`Czech should be that: 17: råzměniti 1`] = `
"(råzměniti) ∩ (rozměnit) = råzměniti ÷ rozměnit
ISV: råzměniti → rozměnit (Ko2, P2)
CS: rozměnit → rozměnit ()
Δ(rozměnit, rozměnit) ≈ 0"
`;

exports[`Czech should be that: 18: astronomija 1`] = `
"(astronomija) ∩ (astronomie) = astronomija ÷ astronomie
ISV: astronomija → astronomie (I5)
CS: astronomie → astronomie ()
Δ(astronomie, astronomie) ≈ 0"
`;

exports[`Czech should be that: 20: dostavjati 1`] = `
"(dostavjati) ∩ (poskytovat) = dostavjati ÷ poskytovat
ISV: dostavjati → dostavět (K12, Ko2)
CS: poskytovat → poskytovat ()
Δ(dostavět, poskytovat) ≈ 0.5555555555555556"
`;

exports[`Czech should be that: 22: tŀpa 1`] = `
"(tŀpa) ∩ (dav, zástup, nával, tlačenice) = tŀpa ÷ nával
ISV: tŀpa → tŀpa ()
CS: nával → nával ()
Δ(tŀpa, nával) ≈ 0.8888888888888888"
`;

exports[`Czech should be that: 24: zapŀnjati 1`] = `
"(zapŀnjati) ∩ (vyplňovat) = zapŀnjati ÷ vyplňovat
ISV: zapŀnjati → zapŀňat (D7, Ko2)
CS: vyplňovat → vyplňovat ()
Δ(zapŀňat, vyplňovat) ≈ 0.625"
`;

exports[`Czech should be that: 25: zaregistrovati 1`] = `
"(zaregistrovati) ∩ (zaregistrovat) = zaregistrovati ÷ zaregistrovat
ISV: zaregistrovati → zaregistrovat (Ko2)
CS: zaregistrovat → zaregistrovat ()
Δ(zaregistrovat, zaregistrovat) ≈ 0"
`;

exports[`Czech should be that: 26: rotacija 1`] = `
"(rotacija) ∩ (rotace) = rotacija ÷ rotace
ISV: rotacija → rotace (I5)
CS: rotace → rotace ()
Δ(rotace, rotace) ≈ 0"
`;

exports[`Czech should be that: 27: råzličıje 1`] = `
"(råzličıje) ∩ (rozdíl) = råzličıje ÷ rozdíl
ISV: råzličıje → rozličıje (P2)
CS: rozdíl → rozdíl ()
Δ(rozličıje, rozdíl) ≈ 0.7333333333333333"
`;

exports[`Czech should be that: 28: žiti 1`] = `
"(žiti) ∩ (žít, být živý) = žiti ÷ žít
ISV: žiti → žit (Ko2)
CS: žít → žít ()
Δ(žit, žít) ≈ 0.16666666666666666"
`;

exports[`Czech should be that: 29: časovy 1`] = `
"(časovy) ∩ (dočasný) = časovy ÷ dočasný
ISV: časovy → časový (A2)
CS: dočasný → dočasný ()
Δ(časový, dočasný) ≈ 0.6153846153846154"
`;

exports[`Czech should be that: 30: krajno 1`] = `
"(krajno) ∩ (krajně, velmi) = krajno ÷ krajně
ISV: krajno → krajno ()
CS: krajně → krajně ()
Δ(krajno, krajně) ≈ 0.16666666666666666"
`;
